[backblue.gif]
[fade.gif]
[index.html]
[stackpath.bootstrapcdn.com/bootstrap/4.5.2/css/bootstrap.min.css]
[kit.fontawesome.com/9c5bd481b0.js]
[cdn.usefathom.com/script.js]
[shelf.news/images/shelf.png]
[adbo.io/index.html]
[code.jquery.com/jquery-3.5.1.min.js]
[cdn.jsdelivr.net/npm/popper.js@1.16.1/dist/umd/popper.min.js]
[stackpath.bootstrapcdn.com/bootstrap/4.5.2/js/bootstrap.min.js]
[shelf.news/javascripts/shelf.js]
[shelf.news/index.html]
[fonts.googleapis.com/css2c938.css]
[fonts.googleapis.com/css2cdfd.css]
[fonts.googleapis.com/css2596d.css]
[stackpath.bootstrapcdn.com/bootstrap/4.5.2/css/bootstrap.min.css]
[shelf.news/images/blobhq.png]
[shelf.news/stylesheets/style.css]
[shelf.news/indexe5f4.html]
[stackpath.bootstrapcdn.com/bootstrap/4.1.3/css/bootstrap.min.css]
[ajax.googleapis.com/ajax/libs/jquery/3.3.1/jquery.min.js]
[adbo.io/slick.css]
[adbo.io/style.css]
[adbo.io/particles.min.js]
[adbo.io/laprof.jpg]
[adbo.io/AdamBowker_Resume-072020.pdf]
[adbo.io/tukios.png]
[adbo.io/fn-portfolio2 copy.png]
[adbo.io/persistenceai.png]
[adbo.io/heller-port-new.png]
[adbo.io/imagicode-portfolio2.png]
[adbo.io/abt-portfolio-txt.png]
[adbo.io/adboio.js]
[cdnjs.cloudflare.com/ajax/libs/popper.js/1.14.3/umd/popper.min.js]
[stackpath.bootstrapcdn.com/bootstrap/4.1.3/js/bootstrap.min.js]
[adbo.io/tilt.jquery.js]
[adbo.io/slick.min.js]
[adbo.io/index.html]
[shelf.news/privacy.html]
[stackpath.bootstrapcdn.com/bootstrap/4.1.3/css/bootstrap.min.css]
[fonts.googleapis.com/cssf6eb.css]
[adbo.io/slick.css]
[adbo.io/style.css]
